{
    "selected_metrics_mqc": {
        "content": [
            "nf-wgs-pipeline_selected_metrics_mqc.txt:md5,2de9d0099b90c0e1230be62769ee82e5"
        ],
        "timestamp": "2024-12-16T14:26:00+0000"
    },
    "all_metrics_mqc": {
        "content": [
            "nf-wgs-pipeline_all_metrics_mqc.txt:md5,c8413e465a5cec06cf2fff7c22a20d58"
        ],
        "timestamp": "2024-12-16T14:26:00+0000"
    }
}